nodes 1000000
nodes 2000000
nodes 3000000
nodes 4000000
nodes 5000000
nodes 6000000
nodes 7000000
nodes 8000000
nodes 9000000
nodes 10000000
nodes 11000000
nodes 12000000
nodes 13000000
nodes 14000000
nodes 15000000
nodes 16000000
nodes 17000000
nodes 18000000
nodes 19000000
nodes 20000000
nodes 21000000
nodes 22000000
nodes 23000000
nodes 24000000
nodes 25000000
nodes 26000000
nodes 27000000
nodes 28000000
nodes 29000000
nodes 30000000
nodes 31000000
nodes 32000000
nodes 33000000
nodes 34000000
nodes 35000000
nodes 36000000
nodes 37000000
nodes 38000000
nodes 39000000
nodes 40000000
nodes 41000000
nodes 42000000
nodes 43000000
nodes 44000000
nodes 45000000
nodes 46000000
nodes 47000000
nodes 48000000
nodes 49000000
nodes 50000000
nodes 51000000
nodes 52000000
nodes 53000000
nodes 54000000
nodes 55000000
nodes 56000000
nodes 57000000
nodes 58000000
nodes 59000000
nodes 60000000
nodes 61000000
nodes 62000000
nodes 63000000
nodes 64000000
nodes 65000000
nodes 66000000
nodes 67000000
nodes 68000000
nodes 69000000
nodes 70000000
nodes 71000000
nodes 72000000
nodes 73000000
nodes 74000000
nodes 75000000
nodes 76000000
nodes 77000000
nodes 78000000
nodes 79000000
nodes 80000000
nodes 81000000
nodes 82000000
nodes 83000000
nodes 84000000
nodes 85000000
nodes 86000000
nodes 87000000
nodes 88000000
nodes 89000000
nodes 90000000
nodes 91000000
nodes 92000000
nodes 93000000
nodes 94000000
nodes 95000000
nodes 96000000
nodes 97000000
nodes 98000000
nodes 99000000
case coprime
constraint_mode time-cover-only
status UNSAT
nodes 99903247
propagations 126367002
domain_branches 0
fixed 2:2
