c ---- [ banner ] ------------------------------------------------------------
c
c Kissat SAT Solver
c 
c Copyright (c) 2021-2024 Armin Biere University of Freiburg
c Copyright (c) 2019-2021 Armin Biere Johannes Kepler University Linz
c 
c Version 4.0.4 8af8e56f174b778aef3aa45af9f739b2a5f492c2
c Apple clang version 21.0.0 (clang-2100.1.1.101) -W -Wall -O3 -DNDEBUG
c Sat Sep 5 13:52:00 PDT 2026 Darwin 842f5797331b 25.6.0 arm64
c
c ---- [ proving ] -----------------------------------------------------------
c
c opened and writing proof to DRAT file:
c
c   results/p29-noncoprime-proof-final/proof.drat
c
c ---- [ parsing ] -----------------------------------------------------------
c
c opened and reading DIMACS file:
c
c   results/p29-noncoprime-proof-final/query.cnf
c
c parsed 'p cnf 210 1842' header
c closing input after reading 52466 bytes (51 KB)
c finished parsing after 0.00 seconds
c
c ---- [ solving ] -----------------------------------------------------------
c
c seconds switched rate     size/glue tier1  binary    remaining
c        MB reductions conflicts size  tier2   irredundant
c         level restarts redundant glue  trail     variables
c
c *  0.00  2 0 0 0  0 0   0   0 0.0 0 0 0 0 0% 1470 259 91 43%
c (  0.00  2 0 0 0  0 0   0   0 0.0 0 0 0 0 0% 1470 259 91 43%
c .  0.00  2 0 0 0  0 0   0   0 0.0 0 0 0 0 0% 273 217 91 43%
c f  0.02  3 0 0 0  0 0   0   0 0.0 0 0 0 0 0% 195 217 117 56%
c )  0.02  3 0 0 0  0 0   0   0 0.0 0 0 0 0 0% 195 217 117 56%
c {  0.02  3 0 0 0  0 0   0   0 0.0 0 0 2 6 0% 195 217 117 56%
c -  0.02  4 12 0 1 53 2 1002 581 1.5 12 8 5 10 76% 195 217 117 56%
c }  0.02  4 12 1 1 53 2 1002 581 1.5 12 8 5 10 76% 195 217 117 56%
c [  0.02  4 0 1 1 53 0 1002 581 0.0 0 0 2 6 0% 195 217 117 56%
c B  0.02  4 0 1 1 53 0 1002 581 0.0 0 0 2 6 0% 195 217 117 56%
c ]  0.02  4 21 2 1 53 1 1786 1245 1.4 21 16 9 19 76% 195 217 117 56%
c {  0.02  4 12 2 1 53 2 1786 1245 1.5 12 8 5 10 76% 195 217 117 56%
c -  0.03  4 11 2 2 56 2 2003 1344 1.5 12 8 4 9 77% 195 217 117 56%
c i  0.03  4 10 2 2 56 2 2340 1529 1.5 11 7 4 9 76% 204 217 116 55%
c }  0.03  4 9 3 2 56 1 2787 1862 1.6 10 6 4 9 76% 206 217 116 55%
c [  0.03  4 21 3 2 56 1 2787 1862 1.4 21 16 9 19 76% 206 217 116 55%
c W  0.03  4 21 3 2 56 1 2787 1862 1.4 21 16 9 19 76% 194 217 116 55%
c -  0.03  4 16 3 3 56 1 3418 1672 1.4 17 12 6 15 76% 194 217 116 55%
c ]  0.04  4 16 4 3 56 1 3576 1793 1.4 17 12 6 15 75% 194 217 116 55%
c {  0.04  4 9 4 3 56 1 3576 1793 1.6 10 6 4 9 76% 194 217 116 55%
c
c seconds switched  rate       size/glue tier1   binary     remaining
c        MB reductions conflicts     size  tier2   irredundant
c         level restarts  redundant    glue   trail     variables
c
c i  0.04  4 9 4 3 106 1 4254 2241 1.5 10 6 3 7 75% 201 217 115 55%
c i  0.04  4 9 4 3 148 1 4993 2744 1.6 10 6 3 7 74% 208 217 109 52%
c u  0.05  4 9 4 3 148 1 5038 1732 1.6 10 6 3 7 74% 208 217 109 52%
c v  0.05  4 9 4 3 148 1 5038 1553 1.6 10 6 3 7 74% 209 217 109 52%
c w  0.05  4 9 4 3 148 1 5038 1350 1.6 10 6 3 7 74% 209 217 109 52%
c x  0.05  4 9 4 3 148 1 5038 1348 1.6 10 6 3 7 74% 209 185 109 52%
c t  0.05  4 9 4 3 148 1 5038 1348 1.6 10 6 3 7 74% 208 185 109 52%
c -  0.05  4 9 4 4 167 1 5151 1310 1.6 10 6 3 7 74% 184 185 109 52%
c i  0.05  4 9 4 4 167 1 5241 1358 1.6 10 6 3 7 74% 189 185 105 50%
c i  0.05  4 9 4 4 167 1 5325 1397 1.6 10 6 3 7 74% 194 185 104 50%
c i  0.06  4 9 4 4 177 1 5743 1678 1.6 10 6 3 7 74% 204 185 101 48%
c }  0.06  4 9 5 4 177 1 5931 1817 1.6 9 6 3 7 73% 204 185 101 48%
c [  0.06  4 16 5 4 177 1 5931 1817 1.4 17 12 6 15 75% 204 185 101 48%
c I  0.06  4 16 5 4 177 1 5931 1817 1.4 17 12 6 15 75% 204 185 101 48%
c i  0.06  4 15 5 4 177 1 6027 1861 1.4 16 11 6 15 74% 208 185 93 44%
c i  0.06  4 15 5 4 177 1 6036 1863 1.4 16 11 6 15 74% 210 185 92 44%
c ]  0.06  4 15 5 4 177 1 6038 1863 1.4 16 11 6 15 74% 210 185 49 23%
c 0  0.06  4 9 5 4 177 1 6038 1863 1.6 9 6 3 7 73% 210 185 49 23%
c
c ---- [ result ] ------------------------------------------------------------
c
s UNSATISFIABLE
c
c ---- [ profiling ] ---------------------------------------------------------
c
c           0.03   58.70 %  search
c           0.02   42.04 %  focused
c           0.02   38.69 %  probe
c           0.02   27.70 %  preprocess
c           0.02   27.13 %  sweep
c           0.01   16.65 %  stable
c           0.01   12.06 %  simplify
c           0.01   10.17 %  vivify
c           0.00    1.26 %  reduce
c           0.00    0.86 %  walking
c           0.00    0.73 %  substitute
c           0.00    0.48 %  parse
c           0.00    0.38 %  factor
c           0.00    0.21 %  lucky
c           0.00    0.12 %  congruence
c           0.00    0.06 %  transitive
c           0.00    0.05 %  backbone
c =============================================
c           0.06  100.00 %  total
c
c ---- [ statistics ] --------------------------------------------------------
c
c conflicts:                             6038           101957.08 per second
c decisions:                             8117                1.34 per conflict
c factored:                                26               12 %  variables
c iterations:                               9                4 %  variables
c propagations:                        197158          3329191    per second
c reductions:                               4             1510    interval
c rephased:                                 3             2013    interval
c restarts:                               177               34    interval
c switched:                                 5             1208    interval
c vivified:                               795               66 %  checks
c walks:                                    1             6038    interval
c
c ---- [ glue usage ] --------------------------------------------------------
c
c focused glue 3 used 2618 clauses 15.22% accumulated 60.80% tier1
c focused glue 4 used 2173 clauses 12.64% accumulated 73.44%
c focused glue 5 used 1601 clauses  9.31% accumulated 82.75%
c focused glue 6 used 1189 clauses  6.91% accumulated 89.66%
c focused glue 7 used  670 clauses  3.90% accumulated 93.56% tier2
c
c stable glue 5    used  498 clauses  7.60% accumulated 54.98% tier1
c stable glue 6    used  429 clauses  6.55% accumulated 61.53%
c stable glue 7-12 used 1659 clauses 25.33% accumulated 86.85%
c stable glue 13   used  144 clauses  2.20% accumulated 89.05%
c stable glue 14   used  108 clauses  1.65% accumulated 90.70% tier2
c
c ---- [ resources ] ---------------------------------------------------------
c
c maximum-resident-set-size:       4546625536 bytes       4336 MB
c process-time:                                              0.06 seconds
c
c ---- [ shutting down ] -----------------------------------------------------
c
c exit 20
